// Jest Snapshot v1, https://goo.gl/fbAQLP

exports[`the app matches the snapshot 1`] = `null`;
