// Jest Snapshot v1, https://goo.gl/fbAQLP

exports[`Card component matches the back snapshot 1`] = `
<div
  style="text-align:center;border-radius:4px;border:1px solid black;background-color:paleturquoise;height:20rem;width:15rem;display:flex;flex-direction:column;justify-content:space-between;padding-bottom:1rem;position:relative;font-size:larger"
>
  <div
    style="margin:auto;font-size:192px;opacity:0.7;text-shadow:16px 8px gray"
  >
    ⚪
  </div>
</div>
`;

exports[`Card component matches the face snapshot 1`] = `
<div
  style="text-align:center;border-radius:4px;border:1px solid black;background-color:indianred;height:20rem;width:15rem;display:flex;flex-direction:column;justify-content:space-between;padding-bottom:1rem;position:relative;font-size:larger"
>
  <h1
    style="margin:1rem 0 0"
  >
    Mine
  </h1>
  <div
    style="position:absolute;top:1rem;right:1rem;font-size:28px"
  >
    ⚙️
  </div>
  <div
    style="background-color:#ffffffaa;font-size:32px;letter-spacing:-16px;padding-right:16px;padding-top:0.5rem;padding-bottom:0.5rem"
  >
    ⚪⚪
  </div>
  <div
    style="font-size:72px"
  >
    ⛏️
  </div>
  <div
    style="height:2rem"
  >
    <strong>
      Upkeep:
    </strong>
     Gain ⚪
  </div>
  <div>
    ⭐⭐
  </div>
</div>
`;
