// Jest Snapshot v1, https://goo.gl/fbAQLP

exports[`Mint display matches the snapshot 1`] = `
<span
  style="font-size:larger"
>
  <span
    style="margin-left:0"
  >
    ðŸ”´
  </span>
  <span
    style="margin-left:-16px"
  >
    ðŸ”´
  </span>
  <span
    style="margin-left:-16px"
  >
    ðŸ”´
  </span>
  <span
    style="margin-left:-16px"
  >
    âšª
  </span>
  16
</span>
`;
